running egg_info
writing ../../build/swarm_sim/swarm_sim.egg-info/PKG-INFO
writing dependency_links to ../../build/swarm_sim/swarm_sim.egg-info/dependency_links.txt
writing entry points to ../../build/swarm_sim/swarm_sim.egg-info/entry_points.txt
writing requirements to ../../build/swarm_sim/swarm_sim.egg-info/requires.txt
writing top-level names to ../../build/swarm_sim/swarm_sim.egg-info/top_level.txt
reading manifest file '../../build/swarm_sim/swarm_sim.egg-info/SOURCES.txt'
writing manifest file '../../build/swarm_sim/swarm_sim.egg-info/SOURCES.txt'
running build
running build_py
copying swarm_sim/vision.py -> /home/butt/swarm_sim_ws/build/swarm_sim/build/lib/swarm_sim
copying swarm_sim/tactics.py -> /home/butt/swarm_sim_ws/build/swarm_sim/build/lib/swarm_sim
copying swarm_sim/engagement.py -> /home/butt/swarm_sim_ws/build/swarm_sim/build/lib/swarm_sim
copying swarm_sim/drone_node_multi.py -> /home/butt/swarm_sim_ws/build/swarm_sim/build/lib/swarm_sim
copying swarm_sim/drone_node.py -> /home/butt/swarm_sim_ws/build/swarm_sim/build/lib/swarm_sim
copying swarm_sim/__init__.py -> /home/butt/swarm_sim_ws/build/swarm_sim/build/lib/swarm_sim
copying swarm_sim/state_machine.py -> /home/butt/swarm_sim_ws/build/swarm_sim/build/lib/swarm_sim
copying swarm_sim/detection.py -> /home/butt/swarm_sim_ws/build/swarm_sim/build/lib/swarm_sim
copying swarm_sim/py.typed -> /home/butt/swarm_sim_ws/build/swarm_sim/build/lib/swarm_sim
running install
running install_lib
running install_data
copying resource/swarm_sim -> /home/butt/swarm_sim_ws/install/swarm_sim/share/ament_index/resource_index/packages
copying package.xml -> /home/butt/swarm_sim_ws/install/swarm_sim/share/swarm_sim
copying urdf/drone.urdf -> /home/butt/swarm_sim_ws/install/swarm_sim/share/swarm_sim/urdf
copying worlds/swarm_arena.sdf -> /home/butt/swarm_sim_ws/install/swarm_sim/share/swarm_sim/worlds
copying launch/swarm.launch.py -> /home/butt/swarm_sim_ws/install/swarm_sim/share/swarm_sim/launch
copying launch/single_drone.launch.py -> /home/butt/swarm_sim_ws/install/swarm_sim/share/swarm_sim/launch
running install_egg_info
removing '/home/butt/swarm_sim_ws/install/swarm_sim/lib/python3.14/site-packages/swarm_sim-0.0.0-py3.14.egg-info' (and everything under it)
Copying ../../build/swarm_sim/swarm_sim.egg-info to /home/butt/swarm_sim_ws/install/swarm_sim/lib/python3.14/site-packages/swarm_sim-0.0.0-py3.14.egg-info
running install_scripts
Installing drone_node script to /home/butt/swarm_sim_ws/install/swarm_sim/lib/swarm_sim
Installing drone_node_multi script to /home/butt/swarm_sim_ws/install/swarm_sim/lib/swarm_sim
writing list of installed files to '/home/butt/swarm_sim_ws/build/swarm_sim/install.log'
