/home/butt/swarm_sim_ws/install/swarm_sim/lib/python3.14/site-packages/swarm_sim/drone_node_multi.py
/home/butt/swarm_sim_ws/install/swarm_sim/lib/python3.14/site-packages/swarm_sim/drone_node.py
/home/butt/swarm_sim_ws/install/swarm_sim/lib/python3.14/site-packages/swarm_sim/__init__.py
/home/butt/swarm_sim_ws/install/swarm_sim/lib/python3.14/site-packages/swarm_sim/detection.py
/home/butt/swarm_sim_ws/install/swarm_sim/lib/python3.14/site-packages/swarm_sim/py.typed
/home/butt/swarm_sim_ws/install/swarm_sim/lib/python3.14/site-packages/swarm_sim/__pycache__/drone_node_multi.cpython-314.pyc
/home/butt/swarm_sim_ws/install/swarm_sim/lib/python3.14/site-packages/swarm_sim/__pycache__/drone_node.cpython-314.pyc
/home/butt/swarm_sim_ws/install/swarm_sim/lib/python3.14/site-packages/swarm_sim/__pycache__/__init__.cpython-314.pyc
/home/butt/swarm_sim_ws/install/swarm_sim/lib/python3.14/site-packages/swarm_sim/__pycache__/detection.cpython-314.pyc
/home/butt/swarm_sim_ws/install/swarm_sim/share/ament_index/resource_index/packages/swarm_sim
/home/butt/swarm_sim_ws/install/swarm_sim/share/swarm_sim/package.xml
/home/butt/swarm_sim_ws/install/swarm_sim/share/swarm_sim/urdf/drone.urdf
/home/butt/swarm_sim_ws/install/swarm_sim/share/swarm_sim/worlds/swarm_arena.sdf
/home/butt/swarm_sim_ws/install/swarm_sim/share/swarm_sim/launch/swarm.launch.py
/home/butt/swarm_sim_ws/install/swarm_sim/share/swarm_sim/launch/single_drone.launch.py
/home/butt/swarm_sim_ws/install/swarm_sim/lib/python3.14/site-packages/swarm_sim-0.0.0-py3.14.egg-info/top_level.txt
/home/butt/swarm_sim_ws/install/swarm_sim/lib/python3.14/site-packages/swarm_sim-0.0.0-py3.14.egg-info/SOURCES.txt
/home/butt/swarm_sim_ws/install/swarm_sim/lib/python3.14/site-packages/swarm_sim-0.0.0-py3.14.egg-info/PKG-INFO
/home/butt/swarm_sim_ws/install/swarm_sim/lib/python3.14/site-packages/swarm_sim-0.0.0-py3.14.egg-info/dependency_links.txt
/home/butt/swarm_sim_ws/install/swarm_sim/lib/python3.14/site-packages/swarm_sim-0.0.0-py3.14.egg-info/requires.txt
/home/butt/swarm_sim_ws/install/swarm_sim/lib/python3.14/site-packages/swarm_sim-0.0.0-py3.14.egg-info/zip-safe
/home/butt/swarm_sim_ws/install/swarm_sim/lib/python3.14/site-packages/swarm_sim-0.0.0-py3.14.egg-info/entry_points.txt
/home/butt/swarm_sim_ws/install/swarm_sim/lib/swarm_sim/drone_node
/home/butt/swarm_sim_ws/install/swarm_sim/lib/swarm_sim/drone_node_multi
