[1.486s] Invoking command in '/home/butt/swarm_sim_ws/src/swarm_sim': DEBUGINFOD_URLS=https://debuginfod.ubuntu.com PYTHONPATH=/home/butt/swarm_sim_ws/build/swarm_sim/prefix_override:/usr/lib/python3/dist-packages/colcon_core/task/python/colcon_distutils_commands:/home/butt/swarm_sim_ws/install/swarm_sim/lib/python3.14/site-packages:${PYTHONPATH} /usr/bin/python3 -W ignore:setup.py install is deprecated -W ignore:easy_install command is deprecated setup.py egg_info --egg-base ../../build/swarm_sim build --build-base /home/butt/swarm_sim_ws/build/swarm_sim/build install --record /home/butt/swarm_sim_ws/build/swarm_sim/install.log --install-scripts $base/lib/swarm_sim --single-version-externally-managed install_data
[1.877s] running egg_info
[1.898s] writing ../../build/swarm_sim/swarm_sim.egg-info/PKG-INFO
[1.899s] writing dependency_links to ../../build/swarm_sim/swarm_sim.egg-info/dependency_links.txt
[1.899s] writing entry points to ../../build/swarm_sim/swarm_sim.egg-info/entry_points.txt
[1.900s] writing requirements to ../../build/swarm_sim/swarm_sim.egg-info/requires.txt
[1.900s] writing top-level names to ../../build/swarm_sim/swarm_sim.egg-info/top_level.txt
[1.954s] reading manifest file '../../build/swarm_sim/swarm_sim.egg-info/SOURCES.txt'
[1.957s] writing manifest file '../../build/swarm_sim/swarm_sim.egg-info/SOURCES.txt'
[1.957s] running build
[1.957s] running build_py
[1.958s] copying swarm_sim/vision.py -> /home/butt/swarm_sim_ws/build/swarm_sim/build/lib/swarm_sim
[1.959s] copying swarm_sim/tactics.py -> /home/butt/swarm_sim_ws/build/swarm_sim/build/lib/swarm_sim
[1.961s] copying swarm_sim/engagement.py -> /home/butt/swarm_sim_ws/build/swarm_sim/build/lib/swarm_sim
[1.962s] copying swarm_sim/drone_node_multi.py -> /home/butt/swarm_sim_ws/build/swarm_sim/build/lib/swarm_sim
[1.962s] copying swarm_sim/drone_node.py -> /home/butt/swarm_sim_ws/build/swarm_sim/build/lib/swarm_sim
[1.963s] copying swarm_sim/__init__.py -> /home/butt/swarm_sim_ws/build/swarm_sim/build/lib/swarm_sim
[1.964s] copying swarm_sim/state_machine.py -> /home/butt/swarm_sim_ws/build/swarm_sim/build/lib/swarm_sim
[1.965s] copying swarm_sim/detection.py -> /home/butt/swarm_sim_ws/build/swarm_sim/build/lib/swarm_sim
[1.965s] copying swarm_sim/py.typed -> /home/butt/swarm_sim_ws/build/swarm_sim/build/lib/swarm_sim
[1.966s] running install
[1.970s] running install_lib
[1.996s] running install_data
[1.997s] copying resource/swarm_sim -> /home/butt/swarm_sim_ws/install/swarm_sim/share/ament_index/resource_index/packages
[1.997s] copying package.xml -> /home/butt/swarm_sim_ws/install/swarm_sim/share/swarm_sim
[1.997s] copying urdf/drone.urdf -> /home/butt/swarm_sim_ws/install/swarm_sim/share/swarm_sim/urdf
[1.997s] copying worlds/swarm_arena.sdf -> /home/butt/swarm_sim_ws/install/swarm_sim/share/swarm_sim/worlds
[1.998s] copying launch/swarm.launch.py -> /home/butt/swarm_sim_ws/install/swarm_sim/share/swarm_sim/launch
[1.998s] copying launch/single_drone.launch.py -> /home/butt/swarm_sim_ws/install/swarm_sim/share/swarm_sim/launch
[2.000s] running install_egg_info
[2.026s] removing '/home/butt/swarm_sim_ws/install/swarm_sim/lib/python3.14/site-packages/swarm_sim-0.0.0-py3.14.egg-info' (and everything under it)
[2.026s] Copying ../../build/swarm_sim/swarm_sim.egg-info to /home/butt/swarm_sim_ws/install/swarm_sim/lib/python3.14/site-packages/swarm_sim-0.0.0-py3.14.egg-info
[2.030s] running install_scripts
[2.167s] Installing drone_node script to /home/butt/swarm_sim_ws/install/swarm_sim/lib/swarm_sim
[2.168s] Installing drone_node_multi script to /home/butt/swarm_sim_ws/install/swarm_sim/lib/swarm_sim
[2.168s] writing list of installed files to '/home/butt/swarm_sim_ws/build/swarm_sim/install.log'
[2.224s] Invoked command in '/home/butt/swarm_sim_ws/src/swarm_sim' returned '0': DEBUGINFOD_URLS=https://debuginfod.ubuntu.com PYTHONPATH=/home/butt/swarm_sim_ws/build/swarm_sim/prefix_override:/usr/lib/python3/dist-packages/colcon_core/task/python/colcon_distutils_commands:/home/butt/swarm_sim_ws/install/swarm_sim/lib/python3.14/site-packages:${PYTHONPATH} /usr/bin/python3 -W ignore:setup.py install is deprecated -W ignore:easy_install command is deprecated setup.py egg_info --egg-base ../../build/swarm_sim build --build-base /home/butt/swarm_sim_ws/build/swarm_sim/build install --record /home/butt/swarm_sim_ws/build/swarm_sim/install.log --install-scripts $base/lib/swarm_sim --single-version-externally-managed install_data
