[1.577s] Invoking command in '/home/butt/swarm_sim_ws/src/swarm_sim': DEBUGINFOD_URLS=https://debuginfod.ubuntu.com PYTHONPATH=/home/butt/swarm_sim_ws/build/swarm_sim/prefix_override:/usr/lib/python3/dist-packages/colcon_core/task/python/colcon_distutils_commands:/home/butt/swarm_sim_ws/install/swarm_sim/lib/python3.14/site-packages:${PYTHONPATH} /usr/bin/python3 -W ignore:setup.py install is deprecated -W ignore:easy_install command is deprecated setup.py egg_info --egg-base ../../build/swarm_sim build --build-base /home/butt/swarm_sim_ws/build/swarm_sim/build install --record /home/butt/swarm_sim_ws/build/swarm_sim/install.log --install-scripts $base/lib/swarm_sim --single-version-externally-managed install_data
[1.932s] running egg_info
[1.958s] writing ../../build/swarm_sim/swarm_sim.egg-info/PKG-INFO
[1.961s] writing dependency_links to ../../build/swarm_sim/swarm_sim.egg-info/dependency_links.txt
[1.961s] writing entry points to ../../build/swarm_sim/swarm_sim.egg-info/entry_points.txt
[1.962s] writing requirements to ../../build/swarm_sim/swarm_sim.egg-info/requires.txt
[1.962s] writing top-level names to ../../build/swarm_sim/swarm_sim.egg-info/top_level.txt
[2.015s] reading manifest file '../../build/swarm_sim/swarm_sim.egg-info/SOURCES.txt'
[2.018s] writing manifest file '../../build/swarm_sim/swarm_sim.egg-info/SOURCES.txt'
[2.019s] running build
[2.019s] running build_py
[2.019s] copying swarm_sim/vision.py -> /home/butt/swarm_sim_ws/build/swarm_sim/build/lib/swarm_sim
[2.023s] copying swarm_sim/tactics.py -> /home/butt/swarm_sim_ws/build/swarm_sim/build/lib/swarm_sim
[2.024s] copying swarm_sim/engagement.py -> /home/butt/swarm_sim_ws/build/swarm_sim/build/lib/swarm_sim
[2.025s] copying swarm_sim/drone_node_multi.py -> /home/butt/swarm_sim_ws/build/swarm_sim/build/lib/swarm_sim
[2.026s] copying swarm_sim/drone_node.py -> /home/butt/swarm_sim_ws/build/swarm_sim/build/lib/swarm_sim
[2.027s] copying swarm_sim/__init__.py -> /home/butt/swarm_sim_ws/build/swarm_sim/build/lib/swarm_sim
[2.029s] copying swarm_sim/state_machine.py -> /home/butt/swarm_sim_ws/build/swarm_sim/build/lib/swarm_sim
[2.030s] copying swarm_sim/detection.py -> /home/butt/swarm_sim_ws/build/swarm_sim/build/lib/swarm_sim
[2.032s] copying swarm_sim/py.typed -> /home/butt/swarm_sim_ws/build/swarm_sim/build/lib/swarm_sim
[2.033s] running install
[2.038s] running install_lib
[2.064s] copying /home/butt/swarm_sim_ws/build/swarm_sim/build/lib/swarm_sim/tactics.py -> /home/butt/swarm_sim_ws/install/swarm_sim/lib/python3.14/site-packages/swarm_sim
[2.064s] copying /home/butt/swarm_sim_ws/build/swarm_sim/build/lib/swarm_sim/engagement.py -> /home/butt/swarm_sim_ws/install/swarm_sim/lib/python3.14/site-packages/swarm_sim
[2.065s] copying /home/butt/swarm_sim_ws/build/swarm_sim/build/lib/swarm_sim/drone_node_multi.py -> /home/butt/swarm_sim_ws/install/swarm_sim/lib/python3.14/site-packages/swarm_sim
[2.067s] byte-compiling /home/butt/swarm_sim_ws/install/swarm_sim/lib/python3.14/site-packages/swarm_sim/tactics.py to tactics.cpython-314.pyc
[2.069s] byte-compiling /home/butt/swarm_sim_ws/install/swarm_sim/lib/python3.14/site-packages/swarm_sim/engagement.py to engagement.cpython-314.pyc
[2.071s] byte-compiling /home/butt/swarm_sim_ws/install/swarm_sim/lib/python3.14/site-packages/swarm_sim/drone_node_multi.py to drone_node_multi.cpython-314.pyc
[2.076s] running install_data
[2.076s] copying resource/swarm_sim -> /home/butt/swarm_sim_ws/install/swarm_sim/share/ament_index/resource_index/packages
[2.077s] copying package.xml -> /home/butt/swarm_sim_ws/install/swarm_sim/share/swarm_sim
[2.079s] copying urdf/drone.urdf -> /home/butt/swarm_sim_ws/install/swarm_sim/share/swarm_sim/urdf
[2.082s] copying worlds/swarm_arena.sdf -> /home/butt/swarm_sim_ws/install/swarm_sim/share/swarm_sim/worlds
[2.084s] copying launch/swarm.launch.py -> /home/butt/swarm_sim_ws/install/swarm_sim/share/swarm_sim/launch
[2.086s] copying launch/single_drone.launch.py -> /home/butt/swarm_sim_ws/install/swarm_sim/share/swarm_sim/launch
[2.086s] running install_egg_info
[2.110s] removing '/home/butt/swarm_sim_ws/install/swarm_sim/lib/python3.14/site-packages/swarm_sim-0.0.0-py3.14.egg-info' (and everything under it)
[2.116s] Copying ../../build/swarm_sim/swarm_sim.egg-info to /home/butt/swarm_sim_ws/install/swarm_sim/lib/python3.14/site-packages/swarm_sim-0.0.0-py3.14.egg-info
[2.119s] running install_scripts
[2.269s] Installing drone_node script to /home/butt/swarm_sim_ws/install/swarm_sim/lib/swarm_sim
[2.270s] Installing drone_node_multi script to /home/butt/swarm_sim_ws/install/swarm_sim/lib/swarm_sim
[2.273s] writing list of installed files to '/home/butt/swarm_sim_ws/build/swarm_sim/install.log'
[2.361s] Invoked command in '/home/butt/swarm_sim_ws/src/swarm_sim' returned '0': DEBUGINFOD_URLS=https://debuginfod.ubuntu.com PYTHONPATH=/home/butt/swarm_sim_ws/build/swarm_sim/prefix_override:/usr/lib/python3/dist-packages/colcon_core/task/python/colcon_distutils_commands:/home/butt/swarm_sim_ws/install/swarm_sim/lib/python3.14/site-packages:${PYTHONPATH} /usr/bin/python3 -W ignore:setup.py install is deprecated -W ignore:easy_install command is deprecated setup.py egg_info --egg-base ../../build/swarm_sim build --build-base /home/butt/swarm_sim_ws/build/swarm_sim/build install --record /home/butt/swarm_sim_ws/build/swarm_sim/install.log --install-scripts $base/lib/swarm_sim --single-version-externally-managed install_data
