[3.007s] Invoking command in '/home/butt/swarm_sim_ws/src/swarm_sim': DEBUGINFOD_URLS=https://debuginfod.ubuntu.com PYTHONPATH=/home/butt/swarm_sim_ws/build/swarm_sim/prefix_override:/usr/lib/python3/dist-packages/colcon_core/task/python/colcon_distutils_commands:/home/butt/swarm_sim_ws/install/swarm_sim/lib/python3.14/site-packages:${PYTHONPATH} /usr/bin/python3 -W ignore:setup.py install is deprecated -W ignore:easy_install command is deprecated setup.py egg_info --egg-base ../../build/swarm_sim build --build-base /home/butt/swarm_sim_ws/build/swarm_sim/build install --record /home/butt/swarm_sim_ws/build/swarm_sim/install.log --install-scripts $base/lib/swarm_sim --single-version-externally-managed install_data
[4.099s] running egg_info
[4.180s] writing ../../build/swarm_sim/swarm_sim.egg-info/PKG-INFO
[4.183s] writing dependency_links to ../../build/swarm_sim/swarm_sim.egg-info/dependency_links.txt
[4.185s] writing entry points to ../../build/swarm_sim/swarm_sim.egg-info/entry_points.txt
[4.187s] writing requirements to ../../build/swarm_sim/swarm_sim.egg-info/requires.txt
[4.188s] writing top-level names to ../../build/swarm_sim/swarm_sim.egg-info/top_level.txt
[4.359s] reading manifest file '../../build/swarm_sim/swarm_sim.egg-info/SOURCES.txt'
[4.379s] writing manifest file '../../build/swarm_sim/swarm_sim.egg-info/SOURCES.txt'
[4.380s] running build
[4.380s] running build_py
[4.380s] copying swarm_sim/vision.py -> /home/butt/swarm_sim_ws/build/swarm_sim/build/lib/swarm_sim
[4.382s] copying swarm_sim/drone_node_multi.py -> /home/butt/swarm_sim_ws/build/swarm_sim/build/lib/swarm_sim
[4.384s] copying swarm_sim/drone_node.py -> /home/butt/swarm_sim_ws/build/swarm_sim/build/lib/swarm_sim
[4.384s] copying swarm_sim/__init__.py -> /home/butt/swarm_sim_ws/build/swarm_sim/build/lib/swarm_sim
[4.385s] copying swarm_sim/detection.py -> /home/butt/swarm_sim_ws/build/swarm_sim/build/lib/swarm_sim
[4.388s] copying swarm_sim/py.typed -> /home/butt/swarm_sim_ws/build/swarm_sim/build/lib/swarm_sim
[4.389s] running install
[4.402s] running install_lib
[4.481s] copying /home/butt/swarm_sim_ws/build/swarm_sim/build/lib/swarm_sim/drone_node_multi.py -> /home/butt/swarm_sim_ws/install/swarm_sim/lib/python3.14/site-packages/swarm_sim
[4.485s] byte-compiling /home/butt/swarm_sim_ws/install/swarm_sim/lib/python3.14/site-packages/swarm_sim/drone_node_multi.py to drone_node_multi.cpython-314.pyc
[4.493s] running install_data
[4.494s] copying resource/swarm_sim -> /home/butt/swarm_sim_ws/install/swarm_sim/share/ament_index/resource_index/packages
[4.494s] copying package.xml -> /home/butt/swarm_sim_ws/install/swarm_sim/share/swarm_sim
[4.495s] copying urdf/drone.urdf -> /home/butt/swarm_sim_ws/install/swarm_sim/share/swarm_sim/urdf
[4.497s] copying worlds/swarm_arena.sdf -> /home/butt/swarm_sim_ws/install/swarm_sim/share/swarm_sim/worlds
[4.515s] copying launch/swarm.launch.py -> /home/butt/swarm_sim_ws/install/swarm_sim/share/swarm_sim/launch
[4.516s] copying launch/single_drone.launch.py -> /home/butt/swarm_sim_ws/install/swarm_sim/share/swarm_sim/launch
[4.517s] running install_egg_info
[4.594s] removing '/home/butt/swarm_sim_ws/install/swarm_sim/lib/python3.14/site-packages/swarm_sim-0.0.0-py3.14.egg-info' (and everything under it)
[4.599s] Copying ../../build/swarm_sim/swarm_sim.egg-info to /home/butt/swarm_sim_ws/install/swarm_sim/lib/python3.14/site-packages/swarm_sim-0.0.0-py3.14.egg-info
[4.605s] running install_scripts
[5.038s] Installing drone_node script to /home/butt/swarm_sim_ws/install/swarm_sim/lib/swarm_sim
[5.039s] Installing drone_node_multi script to /home/butt/swarm_sim_ws/install/swarm_sim/lib/swarm_sim
[5.043s] writing list of installed files to '/home/butt/swarm_sim_ws/build/swarm_sim/install.log'
[5.163s] Invoked command in '/home/butt/swarm_sim_ws/src/swarm_sim' returned '0': DEBUGINFOD_URLS=https://debuginfod.ubuntu.com PYTHONPATH=/home/butt/swarm_sim_ws/build/swarm_sim/prefix_override:/usr/lib/python3/dist-packages/colcon_core/task/python/colcon_distutils_commands:/home/butt/swarm_sim_ws/install/swarm_sim/lib/python3.14/site-packages:${PYTHONPATH} /usr/bin/python3 -W ignore:setup.py install is deprecated -W ignore:easy_install command is deprecated setup.py egg_info --egg-base ../../build/swarm_sim build --build-base /home/butt/swarm_sim_ws/build/swarm_sim/build install --record /home/butt/swarm_sim_ws/build/swarm_sim/install.log --install-scripts $base/lib/swarm_sim --single-version-externally-managed install_data
