[2.736s] Invoking command in '/home/butt/swarm_sim_ws/src/swarm_sim': DEBUGINFOD_URLS=https://debuginfod.ubuntu.com PYTHONPATH=/home/butt/swarm_sim_ws/build/swarm_sim/prefix_override:/usr/lib/python3/dist-packages/colcon_core/task/python/colcon_distutils_commands:/home/butt/swarm_sim_ws/install/swarm_sim/lib/python3.14/site-packages:${PYTHONPATH} /usr/bin/python3 -W ignore:setup.py install is deprecated -W ignore:easy_install command is deprecated setup.py egg_info --egg-base ../../build/swarm_sim build --build-base /home/butt/swarm_sim_ws/build/swarm_sim/build install --record /home/butt/swarm_sim_ws/build/swarm_sim/install.log --install-scripts $base/lib/swarm_sim --single-version-externally-managed install_data
[3.852s] running egg_info
[3.921s] creating ../../build/swarm_sim/swarm_sim.egg-info
[3.921s] writing ../../build/swarm_sim/swarm_sim.egg-info/PKG-INFO
[3.922s] writing dependency_links to ../../build/swarm_sim/swarm_sim.egg-info/dependency_links.txt
[3.923s] writing entry points to ../../build/swarm_sim/swarm_sim.egg-info/entry_points.txt
[3.925s] writing requirements to ../../build/swarm_sim/swarm_sim.egg-info/requires.txt
[3.925s] writing top-level names to ../../build/swarm_sim/swarm_sim.egg-info/top_level.txt
[3.925s] writing manifest file '../../build/swarm_sim/swarm_sim.egg-info/SOURCES.txt'
[4.068s] reading manifest file '../../build/swarm_sim/swarm_sim.egg-info/SOURCES.txt'
[4.071s] writing manifest file '../../build/swarm_sim/swarm_sim.egg-info/SOURCES.txt'
[4.071s] running build
[4.072s] running build_py
[4.072s] creating /home/butt/swarm_sim_ws/build/swarm_sim/build/lib/swarm_sim
[4.073s] copying swarm_sim/drone_node_multi.py -> /home/butt/swarm_sim_ws/build/swarm_sim/build/lib/swarm_sim
[4.074s] copying swarm_sim/drone_node.py -> /home/butt/swarm_sim_ws/build/swarm_sim/build/lib/swarm_sim
[4.074s] copying swarm_sim/__init__.py -> /home/butt/swarm_sim_ws/build/swarm_sim/build/lib/swarm_sim
[4.074s] copying swarm_sim/detection.py -> /home/butt/swarm_sim_ws/build/swarm_sim/build/lib/swarm_sim
[4.075s] copying swarm_sim/py.typed -> /home/butt/swarm_sim_ws/build/swarm_sim/build/lib/swarm_sim
[4.076s] running install
[4.090s] running install_lib
[4.162s] creating /home/butt/swarm_sim_ws/install/swarm_sim/lib/python3.14/site-packages/swarm_sim
[4.162s] copying /home/butt/swarm_sim_ws/build/swarm_sim/build/lib/swarm_sim/drone_node_multi.py -> /home/butt/swarm_sim_ws/install/swarm_sim/lib/python3.14/site-packages/swarm_sim
[4.163s] copying /home/butt/swarm_sim_ws/build/swarm_sim/build/lib/swarm_sim/drone_node.py -> /home/butt/swarm_sim_ws/install/swarm_sim/lib/python3.14/site-packages/swarm_sim
[4.163s] copying /home/butt/swarm_sim_ws/build/swarm_sim/build/lib/swarm_sim/py.typed -> /home/butt/swarm_sim_ws/install/swarm_sim/lib/python3.14/site-packages/swarm_sim
[4.164s] copying /home/butt/swarm_sim_ws/build/swarm_sim/build/lib/swarm_sim/__init__.py -> /home/butt/swarm_sim_ws/install/swarm_sim/lib/python3.14/site-packages/swarm_sim
[4.166s] copying /home/butt/swarm_sim_ws/build/swarm_sim/build/lib/swarm_sim/detection.py -> /home/butt/swarm_sim_ws/install/swarm_sim/lib/python3.14/site-packages/swarm_sim
[4.166s] byte-compiling /home/butt/swarm_sim_ws/install/swarm_sim/lib/python3.14/site-packages/swarm_sim/drone_node_multi.py to drone_node_multi.cpython-314.pyc
[4.173s] byte-compiling /home/butt/swarm_sim_ws/install/swarm_sim/lib/python3.14/site-packages/swarm_sim/drone_node.py to drone_node.cpython-314.pyc
[4.177s] byte-compiling /home/butt/swarm_sim_ws/install/swarm_sim/lib/python3.14/site-packages/swarm_sim/__init__.py to __init__.cpython-314.pyc
[4.178s] byte-compiling /home/butt/swarm_sim_ws/install/swarm_sim/lib/python3.14/site-packages/swarm_sim/detection.py to detection.cpython-314.pyc
[4.183s] running install_data
[4.183s] creating /home/butt/swarm_sim_ws/install/swarm_sim/share/ament_index/resource_index/packages
[4.183s] copying resource/swarm_sim -> /home/butt/swarm_sim_ws/install/swarm_sim/share/ament_index/resource_index/packages
[4.184s] copying package.xml -> /home/butt/swarm_sim_ws/install/swarm_sim/share/swarm_sim
[4.185s] creating /home/butt/swarm_sim_ws/install/swarm_sim/share/swarm_sim/urdf
[4.188s] copying urdf/drone.urdf -> /home/butt/swarm_sim_ws/install/swarm_sim/share/swarm_sim/urdf
[4.188s] creating /home/butt/swarm_sim_ws/install/swarm_sim/share/swarm_sim/worlds
[4.189s] copying worlds/swarm_arena.sdf -> /home/butt/swarm_sim_ws/install/swarm_sim/share/swarm_sim/worlds
[4.189s] creating /home/butt/swarm_sim_ws/install/swarm_sim/share/swarm_sim/launch
[4.189s] copying launch/swarm.launch.py -> /home/butt/swarm_sim_ws/install/swarm_sim/share/swarm_sim/launch
[4.189s] copying launch/single_drone.launch.py -> /home/butt/swarm_sim_ws/install/swarm_sim/share/swarm_sim/launch
[4.190s] running install_egg_info
[4.264s] Copying ../../build/swarm_sim/swarm_sim.egg-info to /home/butt/swarm_sim_ws/install/swarm_sim/lib/python3.14/site-packages/swarm_sim-0.0.0-py3.14.egg-info
[4.269s] running install_scripts
[4.648s] Installing drone_node script to /home/butt/swarm_sim_ws/install/swarm_sim/lib/swarm_sim
[4.648s] Installing drone_node_multi script to /home/butt/swarm_sim_ws/install/swarm_sim/lib/swarm_sim
[4.649s] writing list of installed files to '/home/butt/swarm_sim_ws/build/swarm_sim/install.log'
[4.769s] Invoked command in '/home/butt/swarm_sim_ws/src/swarm_sim' returned '0': DEBUGINFOD_URLS=https://debuginfod.ubuntu.com PYTHONPATH=/home/butt/swarm_sim_ws/build/swarm_sim/prefix_override:/usr/lib/python3/dist-packages/colcon_core/task/python/colcon_distutils_commands:/home/butt/swarm_sim_ws/install/swarm_sim/lib/python3.14/site-packages:${PYTHONPATH} /usr/bin/python3 -W ignore:setup.py install is deprecated -W ignore:easy_install command is deprecated setup.py egg_info --egg-base ../../build/swarm_sim build --build-base /home/butt/swarm_sim_ws/build/swarm_sim/build install --record /home/butt/swarm_sim_ws/build/swarm_sim/install.log --install-scripts $base/lib/swarm_sim --single-version-externally-managed install_data
