[16.724s] Invoking command in '/home/butt/swarm_sim_ws/src/swarm_sim': DEBUGINFOD_URLS=https://debuginfod.ubuntu.com PYTHONPATH=/home/butt/swarm_sim_ws/build/swarm_sim/prefix_override:/usr/lib/python3/dist-packages/colcon_core/task/python/colcon_distutils_commands:/home/butt/swarm_sim_ws/install/swarm_sim/lib/python3.14/site-packages:${PYTHONPATH} /usr/bin/python3 -W ignore:setup.py install is deprecated -W ignore:easy_install command is deprecated setup.py egg_info --egg-base ../../build/swarm_sim build --build-base /home/butt/swarm_sim_ws/build/swarm_sim/build install --record /home/butt/swarm_sim_ws/build/swarm_sim/install.log --install-scripts $base/lib/swarm_sim --single-version-externally-managed install_data
[19.346s] running egg_info
[19.430s] writing ../../build/swarm_sim/swarm_sim.egg-info/PKG-INFO
[19.460s] writing dependency_links to ../../build/swarm_sim/swarm_sim.egg-info/dependency_links.txt
[19.463s] writing entry points to ../../build/swarm_sim/swarm_sim.egg-info/entry_points.txt
[19.491s] writing requirements to ../../build/swarm_sim/swarm_sim.egg-info/requires.txt
[19.493s] writing top-level names to ../../build/swarm_sim/swarm_sim.egg-info/top_level.txt
[19.679s] reading manifest file '../../build/swarm_sim/swarm_sim.egg-info/SOURCES.txt'
[19.705s] writing manifest file '../../build/swarm_sim/swarm_sim.egg-info/SOURCES.txt'
[19.710s] running build
[19.710s] running build_py
[19.710s] copying swarm_sim/vision.py -> /home/butt/swarm_sim_ws/build/swarm_sim/build/lib/swarm_sim
[19.725s] copying swarm_sim/engagement.py -> /home/butt/swarm_sim_ws/build/swarm_sim/build/lib/swarm_sim
[19.752s] copying swarm_sim/drone_node_multi.py -> /home/butt/swarm_sim_ws/build/swarm_sim/build/lib/swarm_sim
[19.752s] copying swarm_sim/drone_node.py -> /home/butt/swarm_sim_ws/build/swarm_sim/build/lib/swarm_sim
[19.808s] copying swarm_sim/__init__.py -> /home/butt/swarm_sim_ws/build/swarm_sim/build/lib/swarm_sim
[19.808s] copying swarm_sim/state_machine.py -> /home/butt/swarm_sim_ws/build/swarm_sim/build/lib/swarm_sim
[19.844s] copying swarm_sim/detection.py -> /home/butt/swarm_sim_ws/build/swarm_sim/build/lib/swarm_sim
[19.857s] copying swarm_sim/py.typed -> /home/butt/swarm_sim_ws/build/swarm_sim/build/lib/swarm_sim
[19.858s] running install
[19.870s] running install_lib
[19.947s] running install_data
[19.948s] copying resource/swarm_sim -> /home/butt/swarm_sim_ws/install/swarm_sim/share/ament_index/resource_index/packages
[19.948s] copying package.xml -> /home/butt/swarm_sim_ws/install/swarm_sim/share/swarm_sim
[19.948s] copying urdf/drone.urdf -> /home/butt/swarm_sim_ws/install/swarm_sim/share/swarm_sim/urdf
[19.952s] copying worlds/swarm_arena.sdf -> /home/butt/swarm_sim_ws/install/swarm_sim/share/swarm_sim/worlds
[20.018s] copying launch/swarm.launch.py -> /home/butt/swarm_sim_ws/install/swarm_sim/share/swarm_sim/launch
[20.030s] copying launch/single_drone.launch.py -> /home/butt/swarm_sim_ws/install/swarm_sim/share/swarm_sim/launch
[20.062s] running install_egg_info
[20.122s] removing '/home/butt/swarm_sim_ws/install/swarm_sim/lib/python3.14/site-packages/swarm_sim-0.0.0-py3.14.egg-info' (and everything under it)
[20.128s] Copying ../../build/swarm_sim/swarm_sim.egg-info to /home/butt/swarm_sim_ws/install/swarm_sim/lib/python3.14/site-packages/swarm_sim-0.0.0-py3.14.egg-info
[20.219s] running install_scripts
[20.732s] Installing drone_node script to /home/butt/swarm_sim_ws/install/swarm_sim/lib/swarm_sim
[20.732s] Installing drone_node_multi script to /home/butt/swarm_sim_ws/install/swarm_sim/lib/swarm_sim
[20.733s] writing list of installed files to '/home/butt/swarm_sim_ws/build/swarm_sim/install.log'
[21.083s] Invoked command in '/home/butt/swarm_sim_ws/src/swarm_sim' returned '0': DEBUGINFOD_URLS=https://debuginfod.ubuntu.com PYTHONPATH=/home/butt/swarm_sim_ws/build/swarm_sim/prefix_override:/usr/lib/python3/dist-packages/colcon_core/task/python/colcon_distutils_commands:/home/butt/swarm_sim_ws/install/swarm_sim/lib/python3.14/site-packages:${PYTHONPATH} /usr/bin/python3 -W ignore:setup.py install is deprecated -W ignore:easy_install command is deprecated setup.py egg_info --egg-base ../../build/swarm_sim build --build-base /home/butt/swarm_sim_ws/build/swarm_sim/build install --record /home/butt/swarm_sim_ws/build/swarm_sim/install.log --install-scripts $base/lib/swarm_sim --single-version-externally-managed install_data
